// Jest Snapshot v1, https://goo.gl/fbAQLP

exports[`Header component test renders correctly 1`] = `
<div
  className="Header"
>
  <div
    className="Page"
  >
    <button
      className="btn btn-success btn-lg"
      disabled={false}
      onClick={[Function]}
    >
      Main
    </button>
    <button
      className="btn btn-success btn-lg"
      disabled={false}
      onClick={[Function]}
    >
      Statistics
    </button>
  </div>
  <div
    className="Login"
  >
    <p>
      CustomUser
    </p>
    <button
      className="btn btn-success btn-lg"
      onClick={[Function]}
    >
      Log out
    </button>
  </div>
</div>
`;
